// Jest Snapshot v1, https://goo.gl/fbAQLP

exports[`handleMessage 1`] = `
Array [
  Array [
    "{\\"channel\\":\\"sequence\\",\\"status\\":\\"ok\\",\\"method\\":\\"add\\",\\"pair\\":\\"ZRX-WETH\\",\\"orderHash\\":\\"0xOrderHash\\",\\"sequence\\":124}",
  ],
]
`;

exports[`handleMessage 2`] = `
Array [
  Array [
    "sequence|ZRX-WETH",
    "124",
  ],
]
`;

exports[`handleMessage 3`] = `
Object {
  "ZRX-WETH": 124,
}
`;

exports[`handleMessage invalid requests 1`] = `
Array [
  Array [
    "{\\"status\\":\\"invalid request\\",\\"channel\\":\\"channel\\",\\"method\\":\\"add\\",\\"pair\\":\\"ZRX-WETH\\",\\"orderHash\\":\\"0xOrderHash\\"}",
  ],
  Array [
    "{\\"status\\":\\"invalid request\\",\\"channel\\":\\"sequence\\",\\"method\\":\\"method\\",\\"pair\\":\\"ZRX-WETH\\",\\"orderHash\\":\\"0xOrderHash\\"}",
  ],
  Array [
    "{\\"status\\":\\"invalid request\\",\\"channel\\":\\"sequence\\",\\"method\\":\\"add\\",\\"pair\\":\\"pair\\",\\"orderHash\\":\\"0xOrderHash\\"}",
  ],
  Array [
    "{\\"status\\":\\"invalid request\\",\\"channel\\":\\"sequence\\",\\"method\\":\\"add\\",\\"pair\\":\\"ZRX-WETH\\",\\"orderHash\\":\\"\\"}",
  ],
]
`;
