// Jest Snapshot v1, https://goo.gl/fbAQLP

exports[`getTokenAddressFromName 1`] = `"0x2002d3812f58e35f0ea1ffbf80a75a38c32175fa"`;

exports[`getTokenAddressFromName 2`] = `"0xd0a1e359811322d97991e03f863a0c30c2cf029c"`;

exports[`getTokenAddressFromName 3`] = `""`;
