// Jest Snapshot v1, https://goo.gl/fbAQLP

exports[`getTokenAddressFromName 1`] = `"0x871dd7c2b4b25e1aa18728e9d5f2af4c4e431f5c"`;

exports[`getTokenAddressFromName 2`] = `"0x0b1ba0af832d7c05fd64161e0db78e85978e8082"`;

exports[`getTokenAddressFromName 3`] = `""`;
