// Jest Snapshot v1, https://goo.gl/fbAQLP

exports[`parseOptions 1`] = `
Object {
  "amount": 123,
  "debug": true,
  "live": true,
  "maker": 456,
  "private": false,
  "server": true,
  "spender": 789,
  "token": "token",
}
`;

exports[`round 1`] = `12345`;

exports[`round 2`] = `12345`;

exports[`round 3`] = `12345.1234567`;

exports[`round 4`] = `12345.12345678`;

exports[`round 5`] = `0.12345678`;

exports[`round 6`] = `12345.12345678`;
