// Jest Snapshot v1, https://goo.gl/fbAQLP

exports[`requestSequence 1`] = `
Array [
  Array [
    "{\\"method\\":\\"method\\",\\"channel\\":\\"sequence\\",\\"pair\\":\\"pair\\",\\"orderHash\\":\\"0xOrderHash\\"}",
  ],
]
`;
